
 RUN  v3.2.4 C:/Docker/aify-project-graph

···fatal: not a git repository (or any of the parent directories): .git
·fatal: not a git repository (or any of the parent directories): .git
·fatal: not a git repository (or any of the parent directories): .git
·fatal: not a git repository (or any of the parent directories): .git
·fatal: not a git repository (or any of the parent directories): .git
·fatal: not a git repository (or any of the parent directories): .git
·fatal: not a git repository (or any of the parent directories): .git
·fatal: not a git repository (or any of the parent directories): .git
·fatal: not a git repository (or any of the parent directories): .git
·····················································13:54:52 [vite] (ssr) warning: Invalid URL
  Plugin: vite:dynamic-import-vars
  File: C:/Docker/aify-project-graph/tests/unit/query/stale-process-not-cached.test.js
13:54:52 [vite] (ssr) warning: Invalid URL
  Plugin: vite:dynamic-import-vars
  File: C:/Docker/aify-project-graph/tests/unit/query/stale-process-not-cached.test.js
13:54:52 [vite] (ssr) warning: Invalid URL
  Plugin: vite:dynamic-import-vars
  File: C:/Docker/aify-project-graph/tests/unit/query/stale-process-not-cached.test.js
···fatal: not a git repository (or any of the parent directories): .git
fatal: not a git repository (or any of the parent directories): .git
fatal: not a git repository (or any of the parent directories): .git
·fatal: not a git repository (or any of the parent directories): .git
fatal: not a git repository (or any of the parent directories): .git
·fatal: not a git repository (or any of the parent directories): .git
·fatal: not a git repository (or any of the parent directories): .git
fatal: not a git repository (or any of the parent directories): .git
fatal: not a git repository (or any of the parent directories): .git
·fatal: not a git repository (or any of the parent directories): .git
fatal: not a git repository (or any of the parent directories): .git
··fatal: not a git repository (or any of the parent directories): .git
fatal: not a git repository (or any of the parent directories): .git
·fatal: not a git repository (or any of the parent directories): .git
·fatal: not a git repository (or any of the parent directories): .git
·fatal: not a git repository (or any of the parent directories): .git
·fatal: not a git repository (or any of the parent directories): .git
·fatal: not a git repository (or any of the parent directories): .git
················fatal: not a git repository (or any of the parent directories): .git
fatal: not a git repository (or any of the parent directories): .git
·fatal: not a git repository (or any of the parent directories): .git
·fatal: not a git repository (or any of the parent directories): .git
·fatal: not a git repository (or any of the parent directories): .git
fatal: not a git repository (or any of the parent directories): .git
·······························ATTESTATION DRIFT (1): carrierDerived.duplicateMultiplicity.rowsLostToDeduplication
·ATTESTATION DRIFT (1): carrierDerived.fieldPopulation.provenance
·ATTESTATION DRIFT (1): carrierDerived.duplicateMultiplicity.maxMultiplicity
·ATTESTATION DRIFT (1): carrierDerived.carrier.bytes
·ATTESTATION DRIFT (1): carrierDerived.carrier.envelopeWrittenAt
·ATTESTATION DRIFT (1): capture.producedBy.manifestCommit
·ATTESTATION DRIFT (1): capture.instrumentTree.dirtyPaths
·ATTESTATION DRIFT (1): carrierDerived.duplicateMultiplicity.maxMultiplicity
·ATTESTATION DRIFT (1): carrierDerived.carrier.extraClaim
·ATTESTATION DRIFT (1): carrierDerived.duplicateMultiplicity.rowsLostToDeduplication
···················fatal: not a git repository (or any of the parent directories): .git
···································································fatal: not a git repository (or any of the parent directories): .git
fatal: not a git repository (or any of the parent directories): .git
··fatal: not a git repository (or any of the parent directories): .git
·fatal: not a git repository (or any of the parent directories): .git
···································fatal: not a git repository (or any of the parent directories): .git
fatal: not a git repository (or any of the parent directories): .git
fatal: not a git repository (or any of the parent directories): .git
·fatal: not a git repository (or any of the parent directories): .git
·fatal: not a git repository (or any of the parent directories): .git
·fatal: not a git repository (or any of the parent directories): .git
·fatal: not a git repository (or any of the parent directories): .git
·fatal: not a git repository (or any of the parent directories): .git
··fatal: not a git repository (or any of the parent directories): .git
·fatal: not a git repository (or any of the parent directories): .git
·fatal: not a git repository (or any of the parent directories): .git
·fatal: not a git repository (or any of the parent directories): .git
·fatal: not a git repository (or any of the parent directories): .git
·fatal: not a git repository (or any of the parent directories): .git
·fatal: not a git repository (or any of the parent directories): .git
·fatal: not a git repository (or any of the parent directories): .git
·fatal: not a git repository (or any of the parent directories): .git
·fatal: not a git repository (or any of the parent directories): .git
·fatal: not a git repository (or any of the parent directories): .git
·fatal: not a git repository (or any of the parent directories): .git
·fatal: not a git repository (or any of the parent directories): .git
·fatal: not a git repository (or any of the parent directories): .git
·fatal: not a git repository (or any of the parent directories): .git
·fatal: not a git repository (or any of the parent directories): .git
·fatal: not a git repository (or any of the parent directories): .git
·fatal: not a git repository (or any of the parent directories): .git
·fatal: not a git repository (or any of the parent directories): .git
·fatal: not a git repository (or any of the parent directories): .git
·fatal: not a git repository (or any of the parent directories): .git
·fatal: not a git repository (or any of the parent directories): .git
·fatal: not a git repository (or any of the parent directories): .git
·fatal: not a git repository (or any of the parent directories): .git
·fatal: not a git repository (or any of the parent directories): .git
······················································································································stderr | tests/unit/freshness/orchestrator.test.js > freshness orchestrator > A: a forced rebuild at the SAME commit preserves the LSP trust spine
[aify-project-graph] restored 1 LSP-verified edge(s) from commit-current collection ci-2026-05-09T12-34-56Z-abc123 (rebuild preserved the trust spine)

························································································································································fatal: not a git repository (or any of the parent directories): .git
fatal: not a git repository (or any of the parent directories): .git
··fatal: not a git repository (or any of the parent directories): .git
fatal: not a git repository (or any of the parent directories): .git
fatal: not a git repository (or any of the parent directories): .git
fatal: not a git repository (or any of the parent directories): .git
·fatal: not a git repository (or any of the parent directories): .git
fatal: not a git repository (or any of the parent directories): .git
····-············································································fatal: not a git repository (or any of the parent directories): .git
······················································································································fatal: not a git repository (or any of the parent directories): .git
·····················································fatal: Needed a single revision
fatal: Invalid revision range deadbeefdeadbeefdeadbeefdeadbeefdeadbeef..0d62088765443bab1e7913389c28c25f3f6f5e32
·fatal: not a git repository (or any of the parent directories): .git
fatal: not a git repository (or any of the parent directories): .git
·fatal: not a git repository (or any of the parent directories): .git
fatal: not a git repository (or any of the parent directories): .git
·fatal: not a git repository (or any of the parent directories): .git
fatal: not a git repository (or any of the parent directories): .git
··fatal: not a git repository (or any of the parent directories): .git
fatal: not a git repository (or any of the parent directories): .git
························································fatal: not a git repository (or any of the parent directories): .git
fatal: not a git repository (or any of the parent directories): .git
····fatal: not a git repository (or any of the parent directories): .git
·····························································fatal: not a git repository (or any of the parent directories): .git
fatal: not a git repository (or any of the parent directories): .git
·fatal: not a git repository (or any of the parent directories): .git
fatal: not a git repository (or any of the parent directories): .git
fatal: not a git repository (or any of the parent directories): .git
fatal: not a git repository (or any of the parent directories): .git
··fatal: not a git repository (or any of the parent directories): .git
fatal: not a git repository (or any of the parent directories): .git
··fatal: not a git repository (or any of the parent directories): .git
fatal: not a git repository (or any of the parent directories): .git
fatal: not a git repository (or any of the parent directories): .git
fatal: not a git repository (or any of the parent directories): .git
·fatal: not a git repository (or any of the parent directories): .git
fatal: not a git repository (or any of the parent directories): .git
··························································fatal: ambiguous argument 'nope-no-such-ref..HEAD': unknown revision or path not in the working tree.
Use '--' to separate paths from revisions, like this:
'git <command> [<revision>...] -- [<file>...]'
··········································································fatal: not a git repository (or any of the parent directories): .git
fatal: not a git repository (or any of the parent directories): .git
fatal: not a git repository (or any of the parent directories): .git
fatal: not a git repository (or any of the parent directories): .git
··fatal: not a git repository (or any of the parent directories): .git
fatal: not a git repository (or any of the parent directories): .git
fatal: not a git repository (or any of the parent directories): .git
fatal: not a git repository (or any of the parent directories): .git
··fatal: not a git repository (or any of the parent directories): .git
fatal: not a git repository (or any of the parent directories): .git
······························fatal: not a git repository (or any of the parent directories): .git
fatal: not a git repository (or any of the parent directories): .git
fatal: not a git repository (or any of the parent directories): .git
fatal: not a git repository (or any of the parent directories): .git
fatal: not a git repository (or any of the parent directories): .git
fatal: not a git repository (or any of the parent directories): .git
··fatal: not a git repository (or any of the parent directories): .git
fatal: not a git repository (or any of the parent directories): .git
fatal: not a git repository (or any of the parent directories): .git
fatal: not a git repository (or any of the parent directories): .git
··fatal: not a git repository (or any of the parent directories): .git
fatal: not a git repository (or any of the parent directories): .git
··fatal: not a git repository (or any of the parent directories): .git
fatal: not a git repository (or any of the parent directories): .git
·················fatal: not a git repository (or any of the parent directories): .git
fatal: not a git repository (or any of the parent directories): .git
fatal: not a git repository (or any of the parent directories): .git
fatal: not a git repository (or any of the parent directories): .git
··fatal: not a git repository (or any of the parent directories): .git
fatal: not a git repository (or any of the parent directories): .git
fatal: not a git repository (or any of the parent directories): .git
fatal: not a git repository (or any of the parent directories): .git
·fatal: not a git repository (or any of the parent directories): .git
fatal: not a git repository (or any of the parent directories): .git
·····fatal: not a git repository (or any of the parent directories): .git
fatal: not a git repository (or any of the parent directories): .git
·fatal: not a git repository (or any of the parent directories): .git
·fatal: not a git repository (or any of the parent directories): .git
·fatal: not a git repository (or any of the parent directories): .git
··············fatal: not a git repository (or any of the parent directories): .git
·····································································fatal: not a git repository (or any of the parent directories): .git
fatal: not a git repository (or any of the parent directories): .git
fatal: not a git repository (or any of the parent directories): .git
fatal: not a git repository (or any of the parent directories): .git
·fatal: not a git repository (or any of the parent directories): .git
fatal: not a git repository (or any of the parent directories): .git
··fatal: ambiguous argument 'HEAD': unknown revision or path not in the working tree.
Use '--' to separate paths from revisions, like this:
'git <command> [<revision>...] -- [<file>...]'
·fatal: not a git repository (or any of the parent directories): .git
fatal: not a git repository (or any of the parent directories): .git
fatal: not a git repository (or any of the parent directories): .git
fatal: not a git repository (or any of the parent directories): .git
fatal: not a git repository (or any of the parent directories): .git
fatal: not a git repository (or any of the parent directories): .git
··fatal: not a git repository (or any of the parent directories): .git
fatal: not a git repository (or any of the parent directories): .git
···············fatal: not a git repository (or any of the parent directories): .git
fatal: not a git repository (or any of the parent directories): .git
fatal: not a git repository (or any of the parent directories): .git
fatal: not a git repository (or any of the parent directories): .git
··fatal: not a git repository (or any of the parent directories): .git
fatal: not a git repository (or any of the parent directories): .git
fatal: not a git repository (or any of the parent directories): .git
fatal: not a git repository (or any of the parent directories): .git
··fatal: not a git repository (or any of the parent directories): .git
fatal: not a git repository (or any of the parent directories): .git
·fatal: not a git repository (or any of the parent directories): .git
fatal: not a git repository (or any of the parent directories): .git
fatal: not a git repository (or any of the parent directories): .git
fatal: not a git repository (or any of the parent directories): .git
··fatal: not a git repository (or any of the parent directories): .git
fatal: not a git repository (or any of the parent directories): .git
··············refusing to modify C:\Users\ADMINI~1\AppData\Local\Temp\apg-vitest-89184-1788346418709\apg-hookinstall-nFj7b1\settings.json: it is not valid JSON (Expected property name or '}' in JSON at position 2 (line 1 column 3))
·········································fatal: not a git repository (or any of the parent directories): .git
fatal: not a git repository (or any of the parent directories): .git
·fatal: not a git repository (or any of the parent directories): .git
··fatal: not a git repository (or any of the parent directories): .git
fatal: not a git repository (or any of the parent directories): .git
fatal: not a git repository (or any of the parent directories): .git
fatal: not a git repository (or any of the parent directories): .git
···fatal: not a git repository (or any of the parent directories): .git
fatal: not a git repository (or any of the parent directories): .git
·············································fatal: not a git repository (or any of the parent directories): .git
fatal: not a git repository (or any of the parent directories): .git
·················fatal: not a git repository (or any of the parent directories): .git
fatal: not a git repository (or any of the parent directories): .git
·fatal: not a git repository (or any of the parent directories): .git
fatal: not a git repository (or any of the parent directories): .git
····························································fatal: not a git repository (or any of the parent directories): .git
fatal: not a git repository (or any of the parent directories): .git
fatal: not a git repository (or any of the parent directories): .git
fatal: not a git repository (or any of the parent directories): .git
····························································stdout | tests/unit/negative-assertions-are-controlled.test.js > negative assertions must not spread uncontrolled > ★★★ adoption is reported, so "available" is never mistaken for "adopted"
NEGATIVE ASSERTIONS — controlled: 104 · bare: 154 · 40.3% controlled

································································-··············································································································································································································································································································································-····················································································································································································································································································································································································································································································································································································································································································································································································································································································································································································································································································································································································································································································································-·············································································································································································································································································································································································································stdout | tests/unit/suite-composition.test.js > suite composition — what the green headline actually covers > ★ reports the three denominators separately, so no one number stands for all of them

SUITE COMPOSITION — quote these three, not one:
  behavioural files : 412
  mixed files       : 27  (contain source-only cases too — a FLOOR)
  source-contract   : 5  (cannot fail when behaviour breaks)
  total             : 444


····················································································································

 Test Files  444 passed (444)
      Tests  3682 passed | 4 skipped (3686)
   Start at  13:53:38
   Duration  672.32s (transform 2.08s, setup 0ms, collect 76.94s, tests 507.56s, environment 50ms, prepare 32.33s)

VITEST_EXIT=0
